<tal:block tal:define="
    objects python:here.ReportServer.plugin('swinventory', here.REQUEST);
    objects python: (hasattr(request, 'doExport') and list(objects)) or objects;
    tableName string: softwarereport;
    batch python:here.ZenTableManager.getBatch(tableName,objects, 
                                           sortedHeader='mname');
    exportFields python:['manuf', 'soft', 'count',];
">
<tal:block metal:use-macro="here/reportMacros/macros/exportableReport">
<tal:block metal:fill-slot="report">

<tal:block metal:use-macro="here/templates/macros/page1">
<tal:block metal:fill-slot="breadCrumbPane">
    <span metal:use-macro="here/miscmacros/macros/reportBreadCrumbsList"/>    
</tal:block>
<tal:block metal:fill-slot="contentPane">

<form method="POST" tal:attributes="action request/URL; name string:swlist"
            tal:define="tabletitle string:Software Inventory;
                        showfilterbox python:True;
                        tblcolspan string:3">
<tal:block metal:use-macro="here/zenuimacros/macros/zentable">
<tal:block metal:fill-slot="zentablecontents">
<tr>
    <th tal:replace="structure python:here.ZenTableManager.getTableHeader(
                        tableName,'manufId','Manufacturer')"/>
    <th tal:replace="structure python:here.ZenTableManager.getTableHeader(
                        tableName,'softId','Product')"/>
    <th tal:replace="structure python:here.ZenTableManager.getTableHeader(
                        tableName,'count','Count')"/>
</tr>
    <tal:block tal:repeat="r batch">
        <tr tal:define="odd repeat/r/odd"
            tal:attributes="class python:test(odd,'odd','even')">
           <td class="tablevalues"
               tal:content="structure r/manufLink"/>
           <td class="tablevalues"
               tal:content="structure r/softLink"/>
           <td tal:content="r/count"/>
        </tr>
    </tal:block>
    <tr>
        <td colspan="0" class="tableheader" align='center'>
        <form metal:use-macro="here/zenTableNavigation/macros/navtool"/>
        </td>
    </tr>
</tal:block>
</tal:block>
</form>

</tal:block>

</tal:block>
</tal:block>
</tal:block>
</tal:block>

