<tal:block metal:use-macro="here/templates/macros/page1">
<tal:block metal:fill-slot="breadCrumbPane">
    <span metal:use-macro="here/miscmacros/macros/reportBreadCrumbsList"/>    
</tal:block>
<tal:block metal:fill-slot="contentPane">
<table class="zentable" cellpadding="3" cellspacing="1"
    tal:define="
    objects  python:here.getDmdRoot('Devices').getMonitoredComponents();
    tableName string: allmonitoredcomps;
    batch python:here.ZenTableManager.getBatch(tableName,objects);
    ">
    <th class="tabletitle" colspan="4">All Monitored Components</th>
    <tr>
        <th tal:replace="structure python:here.ZenTableManager.getTableHeader(
                            tableName,'hostname','Device')"/>
        <th tal:replace="structure python:here.ZenTableManager.getTableHeader(
                            tableName,'name','Component')"/>
        <th tal:replace="structure python:here.ZenTableManager.getTableHeader(
                            tableName,'getInstDescription','Description')"/>
        <th tal:replace="structure python:here.ZenTableManager.getTableHeader(
                            tableName,'getStatus','Status')"/>
    </tr>
    <tr tal:repeat="comp batch">
        <td class="tablevalues">
            <a class="tablevalues" tal:attributes="href comp/getParentDeviceUrl"
                tal:content="comp/hostname">device</a>
        </td>
        <td class="tablevalues">
            <a class="tablevalues" tal:attributes="href comp/getPrimaryUrlPath"
                tal:content="comp/name">smtp</a>
        </td>
        <td class="tablevalues" tal:content="comp/getInstDescription"/>
        <td tal:define="status comp/getStatus"
            tal:attributes="class python:comp.getStatusCssClass(status)"
            tal:content="python:comp.convertStatus(status)"/>
    </tr>
    <tr>
        <td colspan="4" class="tableheader" align='center'>
        <form metal:use-macro="here/zenTableNavigation/macros/navtool"/>
        </td>
    </tr>
</table>
</tal:block>
</tal:block>
