<tal:block tal:define="
	objects  python:here.getDmdRoot('Events').getSubEventClasses();
    tableName string: alleventclassreport;
    batch python:here.ZenTableManager.getBatch(tableName,objects,
                                        sortedHeader='getOrganizerName');
	exportFields python:['getOrganizerName', 'countChildren',
						'countInstances', 'getStatus']
	">
<tal:block metal:use-macro="here/reportMacros/macros/exportableReport">
<tal:block metal:fill-slot="report">

<tal:block metal:use-macro="here/templates/macros/page1">
<tal:block metal:fill-slot="breadCrumbPane">
    <span metal:use-macro="here/miscmacros/macros/reportBreadCrumbsList"/>    
</tal:block>
<tal:block metal:fill-slot="contentPane">
<table class="zentable" cellpadding="3" cellspacing="1">
    <input type='hidden' name='tableName' tal:attributes="value tableName" />
    <tr>
      <th class=tabletitle align=left colspan="6">
        Event Classes
      </th>
    </tr>
    <tr>
        <th tal:replace="structure python:here.ZenTableManager.getTableHeader(
                    tableName,'getOrganizerName','Name')">
            Name 
        </th>
        <th tal:replace="structure python:here.ZenTableManager.getTableHeader(
                    tableName,'countChildren','SubClasses')">
            SubClasses
        </th>
        <th tal:replace="structure python:here.ZenTableManager.getTableHeader(
                    tableName,'countInstances','Instances')">
            Instances
        </th>
        <th tal:replace="structure python:here.ZenTableManager.getTableHeader(
                    tableName,'getStatus','Events')">
            Snmp
        </th>
    </tr>
    <tr tal:repeat="evdict batch">
        <td class="tablevalues" align="left">
            <a tal:attributes="href evdict/getPrimaryUrlPath"
            tal:content="evdict/getOrganizerName">Name</a>
        </td>
        <td class="tablevalues" align=center 
            tal:content="evdict/countChildren"/>
        <td class="tablevalues" align=center tal:content="evdict/countInstances"/>
        <td class="tablevalues" tal:content="python:evdict.getStatus()"
            align="center">0</td>
    </tr>
    <tr>
        <td colspan="0" class="tableheader">
            <span metal:use-macro="here/zenTableNavigation/macros/navtool" />
        </td>
    </tr>
</table>
</tal:block>
</tal:block>

</tal:block>
</tal:block>
</tal:block>