<tal:block tal:define="
	objects  python:here.ZenEventManager.getHeartbeatObjects(failures=False,limit=0);
    tableName string: allheartbeatreport;
    batch python:here.ZenTableManager.getBatch(tableName,objects);
	exportFields python:['devId', 'comp', 'dtime'];
	">
<tal:block metal:use-macro="here/reportMacros/macros/exportableReport">
<tal:block metal:fill-slot="report">

<tal:block metal:use-macro="here/templates/macros/page1">
<tal:block metal:fill-slot="breadCrumbPane">
    <span metal:use-macro="here/miscmacros/macros/reportBreadCrumbsList"/>    
</tal:block>
<tal:block metal:fill-slot="contentPane">

<form method="POST" tal:attributes="action request/URL;"
			tal:define="tabletitle string:All Heartbeats;
                        showfilterbox python:True;
						tblcolspan string:3">
<tal:block metal:use-macro="here/zenuimacros/macros/zentable">
<tal:block metal:fill-slot="zentablecontents">

    <tr>
        <th tal:replace="structure python:here.ZenTableManager.getTableHeader(
                    tableName,'devId','Device')"/>
        <th tal:replace="structure python:here.ZenTableManager.getTableHeader(
                    tableName,'comp','Component')"/>
        <th tal:replace="structure python:here.ZenTableManager.getTableHeader(
                    tableName,'dtime','Seconds')"/>
    </tr>
    <tr tal:repeat="heart batch">
        <td class="tablevalues" tal:content="structure heart/alink"/>
        <td class="tablevalues" tal:content="heart/comp"/>
        <td class="tablevalues" align="right" tal:content="heart/dtime"/>
    </tr>
    <tr>
        <td colspan="3" class="tableheader">
            <span metal:use-macro="here/zenTableNavigation/macros/navtool" />
        </td>
    </tr>

</tal:block>
</tal:block>
</form>

</tal:block>
</tal:block>

</tal:block>
</tal:block>
</tal:block>
