<tal:block tal:define="
    objects  python:here.dmd.ReportServer.plugin('statuses', dict(eventclass='/Status/Ping'));
    tableName string: pingstatusreport;
    batch python:here.ZenTableManager.getBatch(tableName,objects,
                    sortedHeader='getPingStatusHeader', sortedSence='desc');
    ">
<tal:block metal:use-macro="here/reportMacros/macros/exportableReport">
<tal:block metal:fill-slot="report">

<tal:block metal:use-macro="here/templates/macros/page1">
<tal:block metal:fill-slot="breadCrumbPane">
    <span metal:use-macro="here/miscmacros/macros/reportBreadCrumbsList"/>    
</tal:block>
<tal:block metal:fill-slot="contentPane">
    
<form method="POST" tal:attributes="action request/URL;"
            tal:define="tabletitle string:Ping Status Issues;
                        showfilterbox python:True;
                        tblcolspan string:6">
<tal:block metal:use-macro="here/zenuimacros/macros/zentable">
<tal:block metal:fill-slot="zentablecontents">

    <tal:block metal:use-macro="here/deviceListMacro/macros/devListReportBody"/>

</tal:block>
</tal:block>
</form>

</tal:block>
</tal:block>

</tal:block>
</tal:block>
</tal:block>
