<tal:block metal:use-macro="here/templates/macros/page1">
<tal:block metal:fill-slot="breadCrumbPane">
    <span metal:use-macro="here/miscmacros/macros/reportBreadCrumbsList"/>    
</tal:block>
<tal:block metal:fill-slot="contentPane">

<script language="javascript">
function getImage(form)
{
    var img = document.getElementById(form.name.value + ":image");
    var now = new Date();
    contents = formContents(form);
    img.src = form.action + "?" + queryString(contents) + '&u=' + now.getTime();
}

function toggleForm(image)
{
   if (!image) return;
   var form = eval('document.' + image.id.split(":")[0]);
   if (form.visible == 0) {
      showElement(form);
      form.visible = 1;
   } else {
      hideElement(form);
      form.visible = 0;
   }
}

function hideForms() {
    for (i = 0; i < document.forms.length; i++) {
       var form = document.forms[i];
       if (form.name && document.getElementById(form.name.value + ':image')) {
          hideElement(form);
          form.visible = 0;
       }
    }
}

function imageError(source) {
    source.src = "/zport/dmd/img/blank_graph.png";
    source.onerror = "";
    return true;
}
//-->
</script>

<h3>Click the graph to edit</h3>

<form name="aggregateCpu" action="/zport/RenderServer/plugin" 
      onsubmit="getImage(this); return false">
    <input type="hidden" name="name" value="aggregateCpu"/>
   <table class="zentable" cellpadding="3" cellspacing="1">
       <span metal:use-macro="here/graphMacro/macros/defaultGraphForm"
             tal:omit-tag="" />  
       <span metal:use-macro="here/graphMacro/macros/defaultGraphFormEnd"
             tal:omit-tag="" />  
    </table>
</form>
<img id="aggregateCpu:image" onclick="toggleForm(this)" 
     alt="No CPU data, or error rendering graph."
     onError="imageError(this);"/>


<br/>
<form name="aggregateFreeMemory" action="/zport/RenderServer/plugin" 
      onsubmit="getImage(this); return false">
    <input type="hidden" name="name" value="aggregateFreeMemory"/>
   <table class="zentable" cellpadding="3" cellspacing="1">
       <span metal:use-macro="here/graphMacro/macros/defaultGraphForm"
             tal:omit-tag="" />  
       <span metal:use-macro="here/graphMacro/macros/defaultGraphFormEnd"
             tal:omit-tag="" />  
    </table>
</form>
<img id="aggregateFreeMemory:image" onclick="toggleForm(this)" 
     alt="No memory data, or error rendering graph."
     onError="imageError(this);"/>

<br/>
<form name="aggregateSwap" action="/zport/RenderServer/plugin" 
      onsubmit="getImage(this); return false">
    <input type="hidden" name="name" value="aggregateSwap"/>
   <table class="zentable" cellpadding="3" cellspacing="1">
       <span metal:use-macro="here/graphMacro/macros/defaultGraphForm"
             tal:omit-tag="" />  
       <span metal:use-macro="here/graphMacro/macros/defaultGraphFormEnd"
             tal:omit-tag="" />  
    </table>
</form>
<img id="aggregateSwap:image" onclick="toggleForm(this)" 
     alt="No swap data, or error rendering graph."
     onError="imageError(this);"/>

<br/>
<form name="aggregateDisks" action="/zport/RenderServer/plugin" 
      onsubmit="getImage(this); return false">
    <input type="hidden" name="name" value="aggregateDisks"/>
   <table class="zentable" cellpadding="3" cellspacing="1">
       <span metal:use-macro="here/graphMacro/macros/defaultGraphForm"
             tal:omit-tag="" />  
       <tr>
          <td class="tablevalues">
             <input type='checkbox' 
                    class="tablevalues" 
                    onchange="getImage(this.form)" 
                    name='nolimit'/>Hide Limit
          </td>
          <td colspan="3" class="tablevalues"/>
       </tr>
       <span metal:use-macro="here/graphMacro/macros/defaultGraphFormEnd"
             tal:omit-tag="" />  
    </table>
</form>
<img id="aggregateDisks:image" onclick="toggleForm(this)" 
     alt="No disk use data, or error rendering graph."
     onError="imageError(this);"/>


<br/>
<form name="upperLower" action="/zport/RenderServer/plugin" 
      onsubmit="getImage(this); return false">
    <input type="hidden" name="name" value="upperLower"/>
    <input type="hidden" name="arg" value="--units-exponent=6"/>
    <input type="hidden" name="title" value="Network Output/Input"/>
    <input type="hidden" name="label" value="Mbs"/>
    <input type="hidden" name="upper" value="ifOutOctets"/>
    <input type="hidden" name="lower" value="ifInOctets"/>
    <input type="hidden" name="upperLabel" value="Out"/>
    <input type="hidden" name="lowerLabel" value="In "/>
    <input type="hidden" name="rpn" value=",8,*"/>
    <table class="zentable" cellpadding="3" cellspacing="1">
       <span metal:use-macro="here/graphMacro/macros/defaultGraphForm"
             tal:omit-tag="" />  
       <span metal:use-macro="here/graphMacro/macros/defaultGraphFormEnd"
             tal:omit-tag="" />  
   </table>
</form>
<img id="upperLower:image" onclick="toggleForm(this)" 
     alt="No network data, or error rendering graph."
     onError="imageError(this);"/>


<script language="javascript">
<!--
getImage(document.upperLower)
getImage(document.aggregateCpu)
getImage(document.aggregateDisks)
getImage(document.aggregateFreeMemory)
getImage(document.aggregateSwap)
hideForms()
//-->
</script>

</tal:block>
</tal:block>
