<tal:block tal:define="
	tableName string: memoryutilreport;
    tm here/ZenTableManager;
    tableState python:tm.getTableState(tableName, sortedHeader='availableReal',
                                           sortedSence='desc');

    sts python:here.ZenTableManager.setReqTableState;
    zem python:here.dmd.ZenEventManager;
    startDate python:sts(tableName, 'startDate', 
                         zem.defaultAvailabilityStart());
    endDate python:sts(tableName, 'endDate', 
                       zem.defaultAvailabilityEnd());
    how python:sts(tableName, 'how', 'AVERAGE');
    summaryOptions python:('AVERAGE', 'MAXIMUM', 'MINIMUM', 'LAST');
    deviceClass python:sts(tableName, 'deviceClass', '/');
    deviceFilter python:sts(tableName, 'deviceFilter', '');
    generate python:tm.setTableState(tableName, 'generate', 
        (tm.getReqTableState(tableName, 'generate') and 
        not tm.getReqTableState(tableName, 'adapt')));
    
	objects python:here.ReportServer.plugin('memory', tableState);
    objects python: (hasattr(request, 'doExport') and list(objects)) or objects;
	batch python:here.ZenTableManager.getBatch(tableName,
	                                           objects,
	                                           sortedHeader='availableReal', 
	                                           sortedSence='desc');
    exportFields python:['deviceName', 'totalReal', 'availableReal', 'cached',
 						'buffered', 'percentUsed'];
">
<tal:block metal:use-macro="here/reportMacros/macros/exportableReport">
<tal:block metal:fill-slot="report">

<tal:block metal:use-macro="here/templates/macros/page1">
<tal:block metal:fill-slot="breadCrumbPane">
    <span metal:use-macro="here/miscmacros/macros/reportBreadCrumbsList"/>    
</tal:block>
<tal:block metal:fill-slot="contentPane">

<tal:block metal:use-macro="here/reportMacros/macros/utilizationForm"/>

<form method="POST" tal:attributes="action request/URL; name string:deviceList"
			tal:define="tabletitle string:Memory Utilization;
                        showfilterbox python:True;
						tblcolspan string:6">
<tal:block metal:use-macro="here/zenuimacros/macros/zentable">
<tal:block metal:fill-slot="zentablecontents">

    <tr>
        <th tal:replace="structure python:here.ZenTableManager.getTableHeader(
                            tableName,'deviceName','Device')"/>
        <th tal:replace="structure python:here.ZenTableManager.getTableHeader(
                            tableName,'totalReal','Total')"/>
        <th tal:replace="structure python:here.ZenTableManager.getTableHeader(
                            tableName,'availableReal','Available')"/>
        <th tal:replace="structure python:here.ZenTableManager.getTableHeader(
                            tableName,'cached','Cache Memory')"/>
        <th tal:replace="structure python:here.ZenTableManager.getTableHeader(
                            tableName,'buffered','Buffered Memory')"/>
        <th tal:replace="structure python:here.ZenTableManager.getTableHeader(
                            tableName,'percentUsed','% Util')"/>
    </tr>
    <tal:block tal:repeat="r batch">
        <tr tal:define="odd repeat/r/odd"
            tal:attributes="class python:test(odd,'odd','even')">
           <td><a tal:attributes="href python: r.device.getPrimaryUrlPath()"
                  tal:content="python: r.deviceName"/></td>
           <td tal:content="python: r.humanBytes(r.totalReal)"/>
           <td tal:content="python: r.humanBytes(r.availableReal)"/>
           <td tal:content="python: r.humanBytes(r.cached)"/>
           <td tal:content="python: r.humanBytes(r.buffered)"/>
           <td tal:content="python: r.percentString(r.percentUsed, 1)"/>
        </tr>
    </tal:block>
    <tr>
        <td colspan="6" class="tableheader" align='center'>
        <form metal:use-macro="here/zenTableNavigation/macros/navtool"/>
        </td>
    </tr>

</tal:block>
</tal:block>
</form>

</tal:block>
</tal:block>

</tal:block>
</tal:block>
</tal:block>
